CMake is re-running because F:/鍥惧舰瀛︿範/PBR/V-Engine/build-win/CMakeFiles/generate.stamp is out-of-date.
  the file 'F:/鍥惧舰瀛︿範/PBR/V-Engine/CMakeLists.txt'
  is newer than 'F:/鍥惧舰瀛︿範/PBR/V-Engine/build-win/CMakeFiles/generate.stamp.depend'
  result='-1'
-- Using vcpkg toolchain: D:/vcpkg-master/scripts/buildsystems/vcpkg.cmake
-- Vcpkg triplet: x64-windows
-- Selecting Windows SDK version 10.0.22621.0 to target Windows 10.0.26200.
-- Found Vulkan: C:/VulkanSDK/1.4.313.1/Include
-- Vulkan Libraries: C:/VulkanSDK/1.4.313.1/Lib/vulkan-1.lib
-- Found EnTT
-- DirectX-Headers enabled for DX12 support
-- DX12 shader chain: C:/VulkanSDK/1.4.313.1/Bin/glslc.exe + C:/VulkanSDK/1.4.313.1/Bin/spirv-cross.exe + C:/VulkanSDK/1.4.313.1/Bin/dxc.exe
-- Found glslc: C:/VulkanSDK/1.4.313.1/Bin/glslc.exe
--   Shader: simple.vert -> simple_vert.spv
--   Shader: simple.frag -> simple_frag.spv
--   Shader: mesh.vert -> mesh_vert.spv
--   Shader: mesh.frag -> mesh_frag.spv
--   Shader: pbr.vert -> pbr_vert.spv
--   Shader: pbr.frag -> pbr_frag.spv
--   Shader: simple_mesh.vert -> simple_mesh_vert.spv
--   Shader: simple_mesh.frag -> simple_mesh_frag.spv
--   Shader: gbuffer.vert -> gbuffer_vert.spv
--   Shader: gbuffer.frag -> gbuffer_frag.spv
--   Shader: ssr.vert -> ssr_vert.spv
--   Shader: ssr.frag -> ssr_frag.spv
--   Shader: water.vert -> water_vert.spv
--   Shader: water.frag -> water_frag.spv
--   Shader: deferred_lighting.vert -> deferred_lighting_vert.spv
--   Shader: deferred_lighting.frag -> deferred_lighting_frag.spv
--   SSAO Shader: ssao/ssao_deinterleave.comp -> ssao_deinterleave_comp.spv
--   SSAO Shader: ssao/ssao.vert -> ssao_vert.spv
--   SSAO Shader: ssao/ssao.frag -> ssao_frag.spv
--   SSAO Shader: ssao/ssao_reinterleave.comp -> ssao_reinterleave_comp.spv
--   SSAO Shader: ssao/ssao_blur.vert -> ssao_blur_vert.spv
--   SSAO Shader: ssao/ssao_blur.frag -> ssao_blur_frag.spv
--   Compute Shader: culling/frustum_culling.comp -> culling/frustum_culling.comp.spv
--   Compute Shader: nanite/cluster_culling.comp -> nanite/cluster_culling.comp.spv
-- 
-- === VulkanPBR Configuration ===
-- CMAKE_BUILD_TYPE: 
-- CMAKE_CXX_COMPILER: D:/Program Files/Microsoft Visual Studio/2022/Community/VC/Tools/MSVC/14.44.35207/bin/Hostx64/x64/cl.exe
-- Output directory: F:/鍥惧舰瀛︿範/PBR/V-Engine/build-win/bin
-- 
-- Project Structure:
--   src/Application/ - Engine lifecycle, Window, Input
--   src/RHI/         - Vulkan abstraction layer
--   src/Core/        - Utilities (no render dependencies)
--   src/renderer/    - SceneRenderer
--   src/renderer/passes/ - Render passes (GBuffer, SSR, SSAO, etc.)
--   src/World/       - Camera, Scene objects
--   src/resources/   - Mesh, Material
--   src/scene/       - ECS scene management
--   src/renderer/nanite/ - Virtual geometry system
--   src/ui/          - Editor UI panels
-- ===============================
-- 
-- Configuring done (0.7s)
-- Generating done (0.4s)
-- Build files have been written to: F:/鍥惧舰瀛︿範/PBR/V-Engine/build-win
閫傜敤浜?.NET Framework MSBuild 鐗堟湰 17.14.40+3e7442088

  DirectX-Headers.vcxproj -> F:\鍥惧舰瀛︿範\PBR\V-Engine\build-win\src\third_party\DirectX-Headers\Debug\DirectX-Headers.lib
  DirectX-Guids.vcxproj -> F:\鍥惧舰瀛︿範\PBR\V-Engine\build-win\src\third_party\DirectX-Headers\Debug\DirectX-Guids.lib
  main.cpp
  Engine.cpp
  Window.cpp
  Input.cpp
  RHI.cpp
  VulkanRHIDevice.cpp
  VulkanRHIBuffer.cpp
  VulkanRHITexture.cpp
  VulkanRHISampler.cpp
  VulkanRHIShader.cpp
  VulkanRHIDescriptor.cpp
  VulkanRHIPipeline.cpp
  VulkanRHIRenderPass.cpp
  VulkanRHICommandBuffer.cpp
  VulkanRHISwapChain.cpp
  DX12RHIDevice.cpp
  DX12RHIBuffer.cpp
  DX12RHICommandBuffer.cpp
  DX12RHITexture.cpp
  DX12RHIPipeline.cpp
F:\鍥惧舰瀛︿範\PBR\V-Engine\src\RHI\RHITexture.h(42,58): warning C4100: 'dataSize': 鏈紩鐢ㄧ殑鍙傛暟 [F:\鍥惧舰瀛︿範\PBR\V-Engine\build-win\VulkanPBR.vcxproj]
  (缂栬瘧婧愭枃浠垛€?./src/RHI/RHI.cpp鈥?
  
F:\鍥惧舰瀛︿範\PBR\V-Engine\src\RHI\RHITexture.h(42,43): warning C4100: 'data': 鏈紩鐢ㄧ殑鍙傛暟 [F:\鍥惧舰瀛︿範\PBR\V-Engine\build-win\VulkanPBR.vcxproj]
  (缂栬瘧婧愭枃浠垛€?./src/RHI/RHI.cpp鈥?
  
F:\鍥惧舰瀛︿範\PBR\V-Engine\src\RHI\RHITexture.h(47,66): warning C4100: 'layer': 鏈紩鐢ㄧ殑鍙傛暟 [F:\鍥惧舰瀛︿範\PBR\V-Engine\build-win\VulkanPBR.vcxproj]
  (缂栬瘧婧愭枃浠垛€?./src/RHI/RHI.cpp鈥?
  
F:\鍥惧舰瀛︿範\PBR\V-Engine\src\RHI\RHITexture.h(42,58): warning C4100: 'dataSize': 鏈紩鐢ㄧ殑鍙傛暟 [F:\鍥惧舰瀛︿範\PBR\V-Engine\build-win\VulkanPBR.vcxproj]
  (缂栬瘧婧愭枃浠垛€?./src/RHI/Vulkan/VulkanRHITexture.cpp鈥?
  
F:\鍥惧舰瀛︿範\PBR\V-Engine\src\RHI\RHITexture.h(42,43): warning C4100: 'data': 鏈紩鐢ㄧ殑鍙傛暟 [F:\鍥惧舰瀛︿範\PBR\V-Engine\build-win\VulkanPBR.vcxproj]
  (缂栬瘧婧愭枃浠垛€?./src/RHI/Vulkan/VulkanRHITexture.cpp鈥?
  
F:\鍥惧舰瀛︿範\PBR\V-Engine\src\RHI\RHITexture.h(47,66): warning C4100: 'layer': 鏈紩鐢ㄧ殑鍙傛暟 [F:\鍥惧舰瀛︿範\PBR\V-Engine\build-win\VulkanPBR.vcxproj]
  (缂栬瘧婧愭枃浠垛€?./src/RHI/Vulkan/VulkanRHITexture.cpp鈥?
  
F:\鍥惧舰瀛︿範\PBR\V-Engine\src\RHI\RHITexture.h(42,58): warning C4100: 'dataSize': 鏈紩鐢ㄧ殑鍙傛暟 [F:\鍥惧舰瀛︿範\PBR\V-Engine\build-win\VulkanPBR.vcxproj]
  (缂栬瘧婧愭枃浠垛€?./src/RHI/Vulkan/VulkanRHIDevice.cpp鈥?
  
F:\鍥惧舰瀛︿範\PBR\V-Engine\src\RHI\RHITexture.h(42,43): warning C4100: 'data': 鏈紩鐢ㄧ殑鍙傛暟 [F:\鍥惧舰瀛︿範\PBR\V-Engine\build-win\VulkanPBR.vcxproj]
  (缂栬瘧婧愭枃浠垛€?./src/RHI/Vulkan/VulkanRHIDevice.cpp鈥?
  
F:\鍥惧舰瀛︿範\PBR\V-Engine\src\RHI\RHITexture.h(47,66): warning C4100: 'layer': 鏈紩鐢ㄧ殑鍙傛暟 [F:\鍥惧舰瀛︿範\PBR\V-Engine\build-win\VulkanPBR.vcxproj]
  (缂栬瘧婧愭枃浠垛€?./src/RHI/Vulkan/VulkanRHIDevice.cpp鈥?
  
F:\鍥惧舰瀛︿範\PBR\V-Engine\src\RHI\RHITexture.h(42,58): warning C4100: 'dataSize': 鏈紩鐢ㄧ殑鍙傛暟 [F:\鍥惧舰瀛︿範\PBR\V-Engine\build-win\VulkanPBR.vcxproj]
  (缂栬瘧婧愭枃浠垛€?./src/RHI/DX12/DX12RHITexture.cpp鈥?
  
F:\鍥惧舰瀛︿範\PBR\V-Engine\src\RHI\RHITexture.h(42,43): warning C4100: 'data': 鏈紩鐢ㄧ殑鍙傛暟 [F:\鍥惧舰瀛︿範\PBR\V-Engine\build-win\VulkanPBR.vcxproj]
  (缂栬瘧婧愭枃浠垛€?./src/RHI/DX12/DX12RHITexture.cpp鈥?
  
F:\鍥惧舰瀛︿範\PBR\V-Engine\src\RHI\RHITexture.h(47,66): warning C4100: 'layer': 鏈紩鐢ㄧ殑鍙傛暟 [F:\鍥惧舰瀛︿範\PBR\V-Engine\build-win\VulkanPBR.vcxproj]
  (缂栬瘧婧愭枃浠垛€?./src/RHI/DX12/DX12RHITexture.cpp鈥?
  
F:\鍥惧舰瀛︿範\PBR\V-Engine\src\RHI\RHITexture.h(42,58): warning C4100: 'dataSize': 鏈紩鐢ㄧ殑鍙傛暟 [F:\鍥惧舰瀛︿範\PBR\V-Engine\build-win\VulkanPBR.vcxproj]
  (缂栬瘧婧愭枃浠垛€?./src/RHI/DX12/DX12RHIDevice.cpp鈥?
  
F:\鍥惧舰瀛︿範\PBR\V-Engine\src\RHI\RHITexture.h(42,43): warning C4100: 'data': 鏈紩鐢ㄧ殑鍙傛暟 [F:\鍥惧舰瀛︿範\PBR\V-Engine\build-win\VulkanPBR.vcxproj]
  (缂栬瘧婧愭枃浠垛€?./src/RHI/DX12/DX12RHIDevice.cpp鈥?
  
F:\鍥惧舰瀛︿範\PBR\V-Engine\src\RHI\RHITexture.h(47,66): warning C4100: 'layer': 鏈紩鐢ㄧ殑鍙傛暟 [F:\鍥惧舰瀛︿範\PBR\V-Engine\build-win\VulkanPBR.vcxproj]
  (缂栬瘧婧愭枃浠垛€?./src/RHI/DX12/DX12RHIDevice.cpp鈥?
  
F:\鍥惧舰瀛︿範\PBR\V-Engine\src\RHI\RHITexture.h(42,58): warning C4100: 'dataSize': 鏈紩鐢ㄧ殑鍙傛暟 [F:\鍥惧舰瀛︿範\PBR\V-Engine\build-win\VulkanPBR.vcxproj]
  (缂栬瘧婧愭枃浠垛€?./src/RHI/Vulkan/VulkanRHICommandBuffer.cpp鈥?
  
F:\鍥惧舰瀛︿範\PBR\V-Engine\src\RHI\RHITexture.h(42,43): warning C4100: 'data': 鏈紩鐢ㄧ殑鍙傛暟 [F:\鍥惧舰瀛︿範\PBR\V-Engine\build-win\VulkanPBR.vcxproj]
  (缂栬瘧婧愭枃浠垛€?./src/RHI/Vulkan/VulkanRHICommandBuffer.cpp鈥?
  
F:\鍥惧舰瀛︿範\PBR\V-Engine\src\RHI\RHITexture.h(47,66): warning C4100: 'layer': 鏈紩鐢ㄧ殑鍙傛暟 [F:\鍥惧舰瀛︿範\PBR\V-Engine\build-win\VulkanPBR.vcxproj]
  (缂栬瘧婧愭枃浠垛€?./src/RHI/Vulkan/VulkanRHICommandBuffer.cpp鈥?
  
F:\鍥惧舰瀛︿範\PBR\V-Engine\src\RHI\RHITexture.h(42,58): warning C4100: 'dataSize': 鏈紩鐢ㄧ殑鍙傛暟 [F:\鍥惧舰瀛︿範\PBR\V-Engine\build-win\VulkanPBR.vcxproj]
  (缂栬瘧婧愭枃浠垛€?./src/RHI/Vulkan/VulkanRHISampler.cpp鈥?
  
F:\鍥惧舰瀛︿範\PBR\V-Engine\src\RHI\RHITexture.h(42,43): warning C4100: 'data': 鏈紩鐢ㄧ殑鍙傛暟 [F:\鍥惧舰瀛︿範\PBR\V-Engine\build-win\VulkanPBR.vcxproj]
  (缂栬瘧婧愭枃浠垛€?./src/RHI/Vulkan/VulkanRHISampler.cpp鈥?
  
F:\鍥惧舰瀛︿範\PBR\V-Engine\src\RHI\RHITexture.h(47,66): warning C4100: 'layer': 鏈紩鐢ㄧ殑鍙傛暟 [F:\鍥惧舰瀛︿範\PBR\V-Engine\build-win\VulkanPBR.vcxproj]
  (缂栬瘧婧愭枃浠垛€?./src/RHI/Vulkan/VulkanRHISampler.cpp鈥?
  
F:\鍥惧舰瀛︿範\PBR\V-Engine\src\RHI\RHITexture.h(42,58): warning C4100: 'dataSize': 鏈紩鐢ㄧ殑鍙傛暟 [F:\鍥惧舰瀛︿範\PBR\V-Engine\build-win\VulkanPBR.vcxproj]
  (缂栬瘧婧愭枃浠垛€?./src/RHI/Vulkan/VulkanRHIBuffer.cpp鈥?
  
F:\鍥惧舰瀛︿範\PBR\V-Engine\src\RHI\RHITexture.h(42,43): warning C4100: 'data': 鏈紩鐢ㄧ殑鍙傛暟 [F:\鍥惧舰瀛︿範\PBR\V-Engine\build-win\VulkanPBR.vcxproj]
  (缂栬瘧婧愭枃浠垛€?./src/RHI/Vulkan/VulkanRHIBuffer.cpp鈥?
  
F:\鍥惧舰瀛︿範\PBR\V-Engine\src\RHI\RHITexture.h(47,66): warning C4100: 'layer': 鏈紩鐢ㄧ殑鍙傛暟 [F:\鍥惧舰瀛︿範\PBR\V-Engine\build-win\VulkanPBR.vcxproj]
  (缂栬瘧婧愭枃浠垛€?./src/RHI/Vulkan/VulkanRHIBuffer.cpp鈥?
  
F:\鍥惧舰瀛︿範\PBR\V-Engine\src\RHI\RHITexture.h(42,58): warning C4100: 'dataSize': 鏈紩鐢ㄧ殑鍙傛暟 [F:\鍥惧舰瀛︿範\PBR\V-Engine\build-win\VulkanPBR.vcxproj]
  (缂栬瘧婧愭枃浠垛€?./src/RHI/Vulkan/VulkanRHIShader.cpp鈥?
  
F:\鍥惧舰瀛︿範\PBR\V-Engine\src\RHI\RHITexture.h(42,43): warning C4100: 'data': 鏈紩鐢ㄧ殑鍙傛暟 [F:\鍥惧舰瀛︿範\PBR\V-Engine\build-win\VulkanPBR.vcxproj]
  (缂栬瘧婧愭枃浠垛€?./src/RHI/Vulkan/VulkanRHIShader.cpp鈥?
  
F:\鍥惧舰瀛︿範\PBR\V-Engine\src\RHI\RHITexture.h(47,66): warning C4100: 'layer': 鏈紩鐢ㄧ殑鍙傛暟 [F:\鍥惧舰瀛︿範\PBR\V-Engine\build-win\VulkanPBR.vcxproj]
  (缂栬瘧婧愭枃浠垛€?./src/RHI/Vulkan/VulkanRHIShader.cpp鈥?
  
F:\鍥惧舰瀛︿範\PBR\V-Engine\src\RHI\RHITexture.h(42,58): warning C4100: 'dataSize': 鏈紩鐢ㄧ殑鍙傛暟 [F:\鍥惧舰瀛︿範\PBR\V-Engine\build-win\VulkanPBR.vcxproj]
  (缂栬瘧婧愭枃浠垛€?./src/RHI/Vulkan/VulkanRHIDescriptor.cpp鈥?
  
F:\鍥惧舰瀛︿範\PBR\V-Engine\src\RHI\RHITexture.h(42,43): warning C4100: 'data': 鏈紩鐢ㄧ殑鍙傛暟 [F:\鍥惧舰瀛︿範\PBR\V-Engine\build-win\VulkanPBR.vcxproj]
  (缂栬瘧婧愭枃浠垛€?./src/RHI/Vulkan/VulkanRHIDescriptor.cpp鈥?
  
F:\鍥惧舰瀛︿範\PBR\V-Engine\src\RHI\RHITexture.h(47,66): warning C4100: 'layer': 鏈紩鐢ㄧ殑鍙傛暟 [F:\鍥惧舰瀛︿範\PBR\V-Engine\build-win\VulkanPBR.vcxproj]
  (缂栬瘧婧愭枃浠垛€?./src/RHI/Vulkan/VulkanRHIDescriptor.cpp鈥?
  
F:\鍥惧舰瀛︿範\PBR\V-Engine\src\RHI\RHITexture.h(42,58): warning C4100: 'dataSize': 鏈紩鐢ㄧ殑鍙傛暟 [F:\鍥惧舰瀛︿範\PBR\V-Engine\build-win\VulkanPBR.vcxproj]
  (缂栬瘧婧愭枃浠垛€?./src/RHI/Vulkan/VulkanRHIRenderPass.cpp鈥?
  
F:\鍥惧舰瀛︿範\PBR\V-Engine\src\RHI\RHITexture.h(42,43): warning C4100: 'data': 鏈紩鐢ㄧ殑鍙傛暟 [F:\鍥惧舰瀛︿範\PBR\V-Engine\build-win\VulkanPBR.vcxproj]
  (缂栬瘧婧愭枃浠垛€?./src/RHI/Vulkan/VulkanRHIRenderPass.cpp鈥?
  
F:\鍥惧舰瀛︿範\PBR\V-Engine\src\RHI\RHITexture.h(47,66): warning C4100: 'layer': 鏈紩鐢ㄧ殑鍙傛暟 [F:\鍥惧舰瀛︿範\PBR\V-Engine\build-win\VulkanPBR.vcxproj]
  (缂栬瘧婧愭枃浠垛€?./src/RHI/Vulkan/VulkanRHIRenderPass.cpp鈥?
  
F:\鍥惧舰瀛︿範\PBR\V-Engine\src\RHI\RHITexture.h(42,58): warning C4100: 'dataSize': 鏈紩鐢ㄧ殑鍙傛暟 [F:\鍥惧舰瀛︿範\PBR\V-Engine\build-win\VulkanPBR.vcxproj]
  (缂栬瘧婧愭枃浠垛€?./src/RHI/Vulkan/VulkanRHIPipeline.cpp鈥?
  
F:\鍥惧舰瀛︿範\PBR\V-Engine\src\RHI\RHITexture.h(42,43): warning C4100: 'data': 鏈紩鐢ㄧ殑鍙傛暟 [F:\鍥惧舰瀛︿範\PBR\V-Engine\build-win\VulkanPBR.vcxproj]
  (缂栬瘧婧愭枃浠垛€?./src/RHI/Vulkan/VulkanRHIPipeline.cpp鈥?
  
F:\鍥惧舰瀛︿範\PBR\V-Engine\src\RHI\RHITexture.h(47,66): warning C4100: 'layer': 鏈紩鐢ㄧ殑鍙傛暟 [F:\鍥惧舰瀛︿範\PBR\V-Engine\build-win\VulkanPBR.vcxproj]
  (缂栬瘧婧愭枃浠垛€?./src/RHI/Vulkan/VulkanRHIPipeline.cpp鈥?
  
F:\鍥惧舰瀛︿範\PBR\V-Engine\src\RHI\RHITexture.h(42,58): warning C4100: 'dataSize': 鏈紩鐢ㄧ殑鍙傛暟 [F:\鍥惧舰瀛︿範\PBR\V-Engine\build-win\VulkanPBR.vcxproj]
  (缂栬瘧婧愭枃浠垛€?./src/RHI/Vulkan/VulkanRHISwapChain.cpp鈥?
  
F:\鍥惧舰瀛︿範\PBR\V-Engine\src\RHI\RHITexture.h(42,43): warning C4100: 'data': 鏈紩鐢ㄧ殑鍙傛暟 [F:\鍥惧舰瀛︿範\PBR\V-Engine\build-win\VulkanPBR.vcxproj]
  (缂栬瘧婧愭枃浠垛€?./src/RHI/Vulkan/VulkanRHISwapChain.cpp鈥?
  
F:\鍥惧舰瀛︿範\PBR\V-Engine\src\RHI\RHITexture.h(47,66): warning C4100: 'layer': 鏈紩鐢ㄧ殑鍙傛暟 [F:\鍥惧舰瀛︿範\PBR\V-Engine\build-win\VulkanPBR.vcxproj]
  (缂栬瘧婧愭枃浠垛€?./src/RHI/Vulkan/VulkanRHISwapChain.cpp鈥?
  
F:\鍥惧舰瀛︿範\PBR\V-Engine\src\RHI\RHITexture.h(42,58): warning C4100: 'dataSize': 鏈紩鐢ㄧ殑鍙傛暟 [F:\鍥惧舰瀛︿範\PBR\V-Engine\build-win\VulkanPBR.vcxproj]
  (缂栬瘧婧愭枃浠垛€?./src/RHI/DX12/DX12RHICommandBuffer.cpp鈥?
  
F:\鍥惧舰瀛︿範\PBR\V-Engine\src\RHI\RHITexture.h(42,43): warning C4100: 'data': 鏈紩鐢ㄧ殑鍙傛暟 [F:\鍥惧舰瀛︿範\PBR\V-Engine\build-win\VulkanPBR.vcxproj]
  (缂栬瘧婧愭枃浠垛€?./src/RHI/DX12/DX12RHICommandBuffer.cpp鈥?
  
F:\鍥惧舰瀛︿範\PBR\V-Engine\src\RHI\RHITexture.h(47,66): warning C4100: 'layer': 鏈紩鐢ㄧ殑鍙傛暟 [F:\鍥惧舰瀛︿範\PBR\V-Engine\build-win\VulkanPBR.vcxproj]
  (缂栬瘧婧愭枃浠垛€?./src/RHI/DX12/DX12RHICommandBuffer.cpp鈥?
  
F:\鍥惧舰瀛︿範\PBR\V-Engine\src\RHI\RHITexture.h(42,58): warning C4100: 'dataSize': 鏈紩鐢ㄧ殑鍙傛暟 [F:\鍥惧舰瀛︿範\PBR\V-Engine\build-win\VulkanPBR.vcxproj]
  (缂栬瘧婧愭枃浠垛€?./src/RHI/DX12/DX12RHIPipeline.cpp鈥?
  
F:\鍥惧舰瀛︿範\PBR\V-Engine\src\RHI\RHITexture.h(42,43): warning C4100: 'data': 鏈紩鐢ㄧ殑鍙傛暟 [F:\鍥惧舰瀛︿範\PBR\V-Engine\build-win\VulkanPBR.vcxproj]
  (缂栬瘧婧愭枃浠垛€?./src/RHI/DX12/DX12RHIPipeline.cpp鈥?
  
F:\鍥惧舰瀛︿範\PBR\V-Engine\src\RHI\RHITexture.h(47,66): warning C4100: 'layer': 鏈紩鐢ㄧ殑鍙傛暟 [F:\鍥惧舰瀛︿範\PBR\V-Engine\build-win\VulkanPBR.vcxproj]
  (缂栬瘧婧愭枃浠垛€?./src/RHI/DX12/DX12RHIPipeline.cpp鈥?
  
  DX12RHIRenderPass.cpp
  DX12RHIFramebuffer.cpp
  DX12RHIDescriptor.cpp
F:\鍥惧舰瀛︿範\PBR\V-Engine\src\Application\Input.cpp(145,32): warning C4100: 'scancode': 鏈紩鐢ㄧ殑鍙傛暟 [F:\鍥惧舰瀛︿範\PBR\V-Engine\build-win\VulkanPBR.vcxproj]
F:\鍥惧舰瀛︿範\PBR\V-Engine\src\Application\Input.cpp(152,55): warning C4100: 'mods': 鏈紩鐢ㄧ殑鍙傛暟 [F:\鍥惧舰瀛︿範\PBR\V-Engine\build-win\VulkanPBR.vcxproj]
F:\鍥惧舰瀛︿範\PBR\V-Engine\src\Application\Input.cpp(169,55): warning C4100: 'mods': 鏈紩鐢ㄧ殑鍙傛暟 [F:\鍥惧舰瀛︿範\PBR\V-Engine\build-win\VulkanPBR.vcxproj]
F:\鍥惧舰瀛︿範\PBR\V-Engine\src\Application\Input.cpp(230,29): warning C4100: 'xoffset': 鏈紩鐢ㄧ殑鍙傛暟 [F:\鍥惧舰瀛︿範\PBR\V-Engine\build-win\VulkanPBR.vcxproj]
  DX12RHISampler.cpp
  DX12RHISwapChain.cpp
  DX12RHIShader.cpp
F:\鍥惧舰瀛︿範\PBR\V-Engine\src\RHI\RHITexture.h(42,58): warning C4100: 'dataSize': 鏈紩鐢ㄧ殑鍙傛暟 [F:\鍥惧舰瀛︿範\PBR\V-Engine\build-win\VulkanPBR.vcxproj]
  (缂栬瘧婧愭枃浠垛€?./src/RHI/DX12/DX12RHIBuffer.cpp鈥?
  
F:\鍥惧舰瀛︿範\PBR\V-Engine\src\RHI\RHITexture.h(42,43): warning C4100: 'data': 鏈紩鐢ㄧ殑鍙傛暟 [F:\鍥惧舰瀛︿範\PBR\V-Engine\build-win\VulkanPBR.vcxproj]
  (缂栬瘧婧愭枃浠垛€?./src/RHI/DX12/DX12RHIBuffer.cpp鈥?
  
F:\鍥惧舰瀛︿範\PBR\V-Engine\src\RHI\RHITexture.h(47,66): warning C4100: 'layer': 鏈紩鐢ㄧ殑鍙傛暟 [F:\鍥惧舰瀛︿範\PBR\V-Engine\build-win\VulkanPBR.vcxproj]
  (缂栬瘧婧愭枃浠垛€?./src/RHI/DX12/DX12RHIBuffer.cpp鈥?
  
F:\鍥惧舰瀛︿範\PBR\V-Engine\src\RHI\Vulkan\VulkanRHIDevice.cpp(28,11): warning C4100: 'pUserData': 鏈紩鐢ㄧ殑鍙傛暟 [F:\鍥惧舰瀛︿範\PBR\V-Engine\build-win\VulkanPBR.vcxproj]
F:\鍥惧舰瀛︿範\PBR\V-Engine\src\RHI\Vulkan\VulkanRHIDevice.cpp(26,37): warning C4100: 'messageType': 鏈紩鐢ㄧ殑鍙傛暟 [F:\鍥惧舰瀛︿範\PBR\V-Engine\build-win\VulkanPBR.vcxproj]
  Utils.cpp
  GBufferPass.cpp
  SSRPass.cpp
F:\鍥惧舰瀛︿範\PBR\V-Engine\src\RHI\DX12\DX12RHICommandBuffer.cpp(178,87): warning C4244: 鈥滃弬鏁扳€? 浠庘€渃onst uint32_t鈥濊浆鎹㈠埌鈥淯INT8鈥濓紝鍙兘涓㈠け鏁版嵁 [F:\鍥惧舰瀛︿範\PBR\V-Engine\build-win\VulkanPBR.vcxproj]
F:\鍥惧舰瀛︿範\PBR\V-Engine\src\RHI\DX12\DX12RHICommandBuffer.cpp(452,66): warning C4100: 'srcHeight': 鏈紩鐢ㄧ殑鍙傛暟 [F:\鍥惧舰瀛︿範\PBR\V-Engine\build-win\VulkanPBR.vcxproj]
F:\鍥惧舰瀛︿範\PBR\V-Engine\src\RHI\DX12\DX12RHICommandBuffer.cpp(452,47): warning C4100: 'srcWidth': 鏈紩鐢ㄧ殑鍙傛暟 [F:\鍥惧舰瀛︿範\PBR\V-Engine\build-win\VulkanPBR.vcxproj]
F:\鍥惧舰瀛︿範\PBR\V-Engine\src\RHI\DX12\DX12RHITexture.cpp(53,54): warning C4244: 鈥?鈥? 浠庘€渃onst uint32_t鈥濊浆鎹㈠埌鈥淯INT16鈥濓紝鍙兘涓㈠け鏁版嵁 [F:\鍥惧舰瀛︿範\PBR\V-Engine\build-win\VulkanPBR.vcxproj]
F:\鍥惧舰瀛︿範\PBR\V-Engine\src\RHI\DX12\DX12RHITexture.cpp(54,30): warning C4244: 鈥?鈥? 浠庘€渦int32_t鈥濊浆鎹㈠埌鈥淯INT16鈥濓紝鍙兘涓㈠け鏁版嵁 [F:\鍥惧舰瀛︿範\PBR\V-Engine\build-win\VulkanPBR.vcxproj]
F:\鍥惧舰瀛︿範\PBR\V-Engine\src\RHI\DX12\DX12RHITexture.cpp(188,53): warning C4244: 鈥?鈥? 浠庘€渃onst uint64_t鈥濊浆鎹㈠埌鈥淯INT鈥濓紝鍙兘涓㈠け鏁版嵁 [F:\鍥惧舰瀛︿範\PBR\V-Engine\build-win\VulkanPBR.vcxproj]
F:\鍥惧舰瀛︿範\PBR\V-Engine\src\RHI\DX12\DX12RHITexture.cpp(110,62): warning C4100: 'dataSize': 鏈紩鐢ㄧ殑鍙傛暟 [F:\鍥惧舰瀛︿範\PBR\V-Engine\build-win\VulkanPBR.vcxproj]
  WaterPass.cpp
  ForwardPass.cpp
F:\鍥惧舰瀛︿範\PBR\V-Engine\src\RHI\DX12\DX12RHIPipeline.cpp(411,36): warning C4100: 'rootResult': 鏈紩鐢ㄧ殑鍙傛暟 [F:\鍥惧舰瀛︿範\PBR\V-Engine\build-win\VulkanPBR.vcxproj]
  LightingPass.cpp
  ComputePassBase.cpp
  FrustumCullingPass.cpp
  GPUDrivenRenderer.cpp
  NaniteDebugPass.cpp
  ClusterCullingPass.cpp
  SSAOPass.cpp
  SceneRenderer.cpp
  Camera.cpp
F:\鍥惧舰瀛︿範\PBR\V-Engine\src\RHI\RHITexture.h(42,58): warning C4100: 'dataSize': 鏈紩鐢ㄧ殑鍙傛暟 [F:\鍥惧舰瀛︿範\PBR\V-Engine\build-win\VulkanPBR.vcxproj]
  (缂栬瘧婧愭枃浠垛€?./src/RHI/DX12/DX12RHIFramebuffer.cpp鈥?
  
F:\鍥惧舰瀛︿範\PBR\V-Engine\src\RHI\RHITexture.h(42,43): warning C4100: 'data': 鏈紩鐢ㄧ殑鍙傛暟 [F:\鍥惧舰瀛︿範\PBR\V-Engine\build-win\VulkanPBR.vcxproj]
  (缂栬瘧婧愭枃浠垛€?./src/RHI/DX12/DX12RHIFramebuffer.cpp鈥?
  
F:\鍥惧舰瀛︿範\PBR\V-Engine\src\RHI\RHITexture.h(47,66): warning C4100: 'layer': 鏈紩鐢ㄧ殑鍙傛暟 [F:\鍥惧舰瀛︿範\PBR\V-Engine\build-win\VulkanPBR.vcxproj]
  (缂栬瘧婧愭枃浠垛€?./src/RHI/DX12/DX12RHIFramebuffer.cpp鈥?
  
F:\鍥惧舰瀛︿範\PBR\V-Engine\src\RHI\RHITexture.h(42,58): warning C4100: 'dataSize': 鏈紩鐢ㄧ殑鍙傛暟 [F:\鍥惧舰瀛︿範\PBR\V-Engine\build-win\VulkanPBR.vcxproj]
  (缂栬瘧婧愭枃浠垛€?./src/Application/Engine.cpp鈥?
  
F:\鍥惧舰瀛︿範\PBR\V-Engine\src\RHI\RHITexture.h(42,43): warning C4100: 'data': 鏈紩鐢ㄧ殑鍙傛暟 [F:\鍥惧舰瀛︿範\PBR\V-Engine\build-win\VulkanPBR.vcxproj]
  (缂栬瘧婧愭枃浠垛€?./src/Application/Engine.cpp鈥?
  
F:\鍥惧舰瀛︿範\PBR\V-Engine\src\RHI\RHITexture.h(47,66): warning C4100: 'layer': 鏈紩鐢ㄧ殑鍙傛暟 [F:\鍥惧舰瀛︿範\PBR\V-Engine\build-win\VulkanPBR.vcxproj]
  (缂栬瘧婧愭枃浠垛€?./src/Application/Engine.cpp鈥?
  
F:\鍥惧舰瀛︿範\PBR\V-Engine\src\RHI\RHITexture.h(42,58): warning C4100: 'dataSize': 鏈紩鐢ㄧ殑鍙傛暟 [F:\鍥惧舰瀛︿範\PBR\V-Engine\build-win\VulkanPBR.vcxproj]
  (缂栬瘧婧愭枃浠垛€?./src/renderer/passes/GBufferPass.cpp鈥?
  
F:\鍥惧舰瀛︿範\PBR\V-Engine\src\RHI\RHITexture.h(42,43): warning C4100: 'data': 鏈紩鐢ㄧ殑鍙傛暟 [F:\鍥惧舰瀛︿範\PBR\V-Engine\build-win\VulkanPBR.vcxproj]
  (缂栬瘧婧愭枃浠垛€?./src/renderer/passes/GBufferPass.cpp鈥?
  
F:\鍥惧舰瀛︿範\PBR\V-Engine\src\RHI\RHITexture.h(47,66): warning C4100: 'layer': 鏈紩鐢ㄧ殑鍙傛暟 [F:\鍥惧舰瀛︿範\PBR\V-Engine\build-win\VulkanPBR.vcxproj]
  (缂栬瘧婧愭枃浠垛€?./src/renderer/passes/GBufferPass.cpp鈥?
  
F:\鍥惧舰瀛︿範\PBR\V-Engine\src\RHI\RHITexture.h(42,58): warning C4100: 'dataSize': 鏈紩鐢ㄧ殑鍙傛暟 [F:\鍥惧舰瀛︿範\PBR\V-Engine\build-win\VulkanPBR.vcxproj]
  (缂栬瘧婧愭枃浠垛€?./src/renderer/passes/SSRPass.cpp鈥?
  
F:\鍥惧舰瀛︿範\PBR\V-Engine\src\RHI\RHITexture.h(42,43): warning C4100: 'data': 鏈紩鐢ㄧ殑鍙傛暟 [F:\鍥惧舰瀛︿範\PBR\V-Engine\build-win\VulkanPBR.vcxproj]
  (缂栬瘧婧愭枃浠垛€?./src/renderer/passes/SSRPass.cpp鈥?
  
F:\鍥惧舰瀛︿範\PBR\V-Engine\src\RHI\RHITexture.h(47,66): warning C4100: 'layer': 鏈紩鐢ㄧ殑鍙傛暟 [F:\鍥惧舰瀛︿範\PBR\V-Engine\build-win\VulkanPBR.vcxproj]
  (缂栬瘧婧愭枃浠垛€?./src/renderer/passes/SSRPass.cpp鈥?
  
F:\鍥惧舰瀛︿範\PBR\V-Engine\src\RHI\RHITexture.h(42,58): warning C4100: 'dataSize': 鏈紩鐢ㄧ殑鍙傛暟 [F:\鍥惧舰瀛︿範\PBR\V-Engine\build-win\VulkanPBR.vcxproj]
  (缂栬瘧婧愭枃浠垛€?./src/RHI/DX12/DX12RHIDescriptor.cpp鈥?
  
F:\鍥惧舰瀛︿範\PBR\V-Engine\src\RHI\RHITexture.h(42,43): warning C4100: 'data': 鏈紩鐢ㄧ殑鍙傛暟 [F:\鍥惧舰瀛︿範\PBR\V-Engine\build-win\VulkanPBR.vcxproj]
  (缂栬瘧婧愭枃浠垛€?./src/RHI/DX12/DX12RHIDescriptor.cpp鈥?
  
F:\鍥惧舰瀛︿範\PBR\V-Engine\src\RHI\RHITexture.h(47,66): warning C4100: 'layer': 鏈紩鐢ㄧ殑鍙傛暟 [F:\鍥惧舰瀛︿範\PBR\V-Engine\build-win\VulkanPBR.vcxproj]
  (缂栬瘧婧愭枃浠垛€?./src/RHI/DX12/DX12RHIDescriptor.cpp鈥?
  
F:\鍥惧舰瀛︿範\PBR\V-Engine\src\renderer\passes\WaterPass.h(57,31): warning C4458: 鈥渉eight鈥濈殑澹版槑闅愯棌浜嗙被鎴愬憳 [F:\鍥惧舰瀛︿範\PBR\V-Engine\build-win\VulkanPBR.vcxproj]
  (缂栬瘧婧愭枃浠垛€?./src/renderer/passes/WaterPass.cpp鈥?
      F:\鍥惧舰瀛︿範\PBR\V-Engine\src\renderer\passes\RenderPassBase.h(58,14):
      鍙傝鈥淩enderPassBase::height鈥濈殑澹版槑
  
F:\鍥惧舰瀛︿範\PBR\V-Engine\src\RHI\RHITexture.h(42,58): warning C4100: 'dataSize': 鏈紩鐢ㄧ殑鍙傛暟 [F:\鍥惧舰瀛︿範\PBR\V-Engine\build-win\VulkanPBR.vcxproj]
  (缂栬瘧婧愭枃浠垛€?./src/renderer/passes/ForwardPass.cpp鈥?
  
F:\鍥惧舰瀛︿範\PBR\V-Engine\src\RHI\RHITexture.h(42,43): warning C4100: 'data': 鏈紩鐢ㄧ殑鍙傛暟 [F:\鍥惧舰瀛︿範\PBR\V-Engine\build-win\VulkanPBR.vcxproj]
  (缂栬瘧婧愭枃浠垛€?./src/renderer/passes/ForwardPass.cpp鈥?
  
F:\鍥惧舰瀛︿範\PBR\V-Engine\src\RHI\RHITexture.h(47,66): warning C4100: 'layer': 鏈紩鐢ㄧ殑鍙傛暟 [F:\鍥惧舰瀛︿範\PBR\V-Engine\build-win\VulkanPBR.vcxproj]
  (缂栬瘧婧愭枃浠垛€?./src/renderer/passes/ForwardPass.cpp鈥?
  
  Mesh.cpp
  GPUMesh.cpp
F:\鍥惧舰瀛︿範\PBR\V-Engine\src\Core\Utils.cpp(26,11): warning C4100: 'pUserData': 鏈紩鐢ㄧ殑鍙傛暟 [F:\鍥惧舰瀛︿範\PBR\V-Engine\build-win\VulkanPBR.vcxproj]
F:\鍥惧舰瀛︿範\PBR\V-Engine\src\Core\Utils.cpp(24,37): warning C4100: 'messageType': 鏈紩鐢ㄧ殑鍙傛暟 [F:\鍥惧舰瀛︿範\PBR\V-Engine\build-win\VulkanPBR.vcxproj]
F:\鍥惧舰瀛︿範\PBR\V-Engine\src\Core\Utils.cpp(23,44): warning C4100: 'messageSeverity': 鏈紩鐢ㄧ殑鍙傛暟 [F:\鍥惧舰瀛︿範\PBR\V-Engine\build-win\VulkanPBR.vcxproj]
F:\鍥惧舰瀛︿範\PBR\V-Engine\src\RHI\RHITexture.h(42,58): warning C4100: 'dataSize': 鏈紩鐢ㄧ殑鍙傛暟 [F:\鍥惧舰瀛︿範\PBR\V-Engine\build-win\VulkanPBR.vcxproj]
  (缂栬瘧婧愭枃浠垛€?./src/RHI/DX12/DX12RHISwapChain.cpp鈥?
  
F:\鍥惧舰瀛︿範\PBR\V-Engine\src\RHI\RHITexture.h(42,43): warning C4100: 'data': 鏈紩鐢ㄧ殑鍙傛暟 [F:\鍥惧舰瀛︿範\PBR\V-Engine\build-win\VulkanPBR.vcxproj]
  (缂栬瘧婧愭枃浠垛€?./src/RHI/DX12/DX12RHISwapChain.cpp鈥?
  
F:\鍥惧舰瀛︿範\PBR\V-Engine\src\RHI\RHITexture.h(47,66): warning C4100: 'layer': 鏈紩鐢ㄧ殑鍙傛暟 [F:\鍥惧舰瀛︿範\PBR\V-Engine\build-win\VulkanPBR.vcxproj]
  (缂栬瘧婧愭枃浠垛€?./src/RHI/DX12/DX12RHISwapChain.cpp鈥?
  
F:\鍥惧舰瀛︿範\PBR\V-Engine\src\RHI\DX12\DX12RHIFramebuffer.cpp(65,55): warning C4100: 'device': 鏈紩鐢ㄧ殑鍙傛暟 [F:\鍥惧舰瀛︿範\PBR\V-Engine\build-win\VulkanPBR.vcxproj]
F:\鍥惧舰瀛︿範\PBR\V-Engine\src\ui\panels\DebugPanel.h(27,23): warning C4458: 鈥渇ps鈥濈殑澹版槑闅愯棌浜嗙被鎴愬憳 [F:\鍥惧舰瀛︿範\PBR\V-Engine\build-win\VulkanPBR.vcxproj]
  (缂栬瘧婧愭枃浠垛€?./src/Application/Engine.cpp鈥?
      F:\鍥惧舰瀛︿範\PBR\V-Engine\src\ui\panels\DebugPanel.h(49,11):
      鍙傝鈥淒ebugPanel::fps鈥濈殑澹版槑
  
F:\鍥惧舰瀛︿範\PBR\V-Engine\src\RHI\DX12\DX12RHIDescriptor.cpp(175,15): warning C4189: 鈥渄xTex鈥? 灞€閮ㄥ彉閲忓凡鍒濆鍖栦絾涓嶅紩鐢?[F:\鍥惧舰瀛︿範\PBR\V-Engine\build-win\VulkanPBR.vcxproj]
  TextureManager.cpp
  Scene.cpp
F:\鍥惧舰瀛︿範\PBR\V-Engine\src\RHI\RHITexture.h(42,58): warning C4100: 'dataSize': 鏈紩鐢ㄧ殑鍙傛暟 [F:\鍥惧舰瀛︿範\PBR\V-Engine\build-win\VulkanPBR.vcxproj]
  (缂栬瘧婧愭枃浠垛€?./src/renderer/passes/WaterPass.cpp鈥?
  
F:\鍥惧舰瀛︿範\PBR\V-Engine\src\RHI\RHITexture.h(42,43): warning C4100: 'data': 鏈紩鐢ㄧ殑鍙傛暟 [F:\鍥惧舰瀛︿範\PBR\V-Engine\build-win\VulkanPBR.vcxproj]
  (缂栬瘧婧愭枃浠垛€?./src/renderer/passes/WaterPass.cpp鈥?
  
F:\鍥惧舰瀛︿範\PBR\V-Engine\src\Application\Engine.cpp(192,5): warning C4100: 'h': 鏈紩鐢ㄧ殑鍙傛暟 [F:\鍥惧舰瀛︿範\PBR\V-Engine\build-win\VulkanPBR.vcxproj]
F:\鍥惧舰瀛︿範\PBR\V-Engine\src\RHI\RHITexture.h(47,66): warning C4100: 'layer': 鏈紩鐢ㄧ殑鍙傛暟 [F:\鍥惧舰瀛︿範\PBR\V-Engine\build-win\VulkanPBR.vcxproj]
  (缂栬瘧婧愭枃浠垛€?./src/renderer/passes/WaterPass.cpp鈥?
  
F:\鍥惧舰瀛︿範\PBR\V-Engine\src\Application\Engine.cpp(192,5): warning C4100: 'w': 鏈紩鐢ㄧ殑鍙傛暟 [F:\鍥惧舰瀛︿範\PBR\V-Engine\build-win\VulkanPBR.vcxproj]
F:\鍥惧舰瀛︿範\PBR\V-Engine\src\Application\Engine.cpp(227,5): warning C4100: 'mods': 鏈紩鐢ㄧ殑鍙傛暟 [F:\鍥惧舰瀛︿範\PBR\V-Engine\build-win\VulkanPBR.vcxproj]
  Entity.cpp
F:\鍥惧舰瀛︿範\PBR\V-Engine\src\Application\Engine.cpp(274,5): warning C4100: 'mods': 鏈紩鐢ㄧ殑鍙傛暟 [F:\鍥惧舰瀛︿範\PBR\V-Engine\build-win\VulkanPBR.vcxproj]
F:\鍥惧舰瀛︿範\PBR\V-Engine\src\Application\Engine.cpp(274,5): warning C4100: 'scancode': 鏈紩鐢ㄧ殑鍙傛暟 [F:\鍥惧舰瀛︿範\PBR\V-Engine\build-win\VulkanPBR.vcxproj]
F:\鍥惧舰瀛︿範\PBR\V-Engine\src\Application\Engine.cpp(525,23): warning C4456: 鈥渉鈥濈殑澹版槑闅愯棌浜嗕笂涓€涓湰鍦板０鏄?[F:\鍥惧舰瀛︿範\PBR\V-Engine\build-win\VulkanPBR.vcxproj]
      F:\鍥惧舰瀛︿範\PBR\V-Engine\src\Application\Engine.cpp(490,35):
      鍙傝鈥渉鈥濈殑澹版槑
  
F:\鍥惧舰瀛︿範\PBR\V-Engine\src\Application\Engine.cpp(534,23): warning C4456: 鈥渉鈥濈殑澹版槑闅愯棌浜嗕笂涓€涓湰鍦板０鏄?[F:\鍥惧舰瀛︿範\PBR\V-Engine\build-win\VulkanPBR.vcxproj]
      F:\鍥惧舰瀛︿範\PBR\V-Engine\src\Application\Engine.cpp(490,35):
      鍙傝鈥渉鈥濈殑澹版槑
  
  SceneManager.cpp
  SelectionManager.cpp
  NaniteCluster.cpp
  MeshClusterizer.cpp
  MeshSimplifier.cpp
F:\鍥惧舰瀛︿範\PBR\V-Engine\src\RHI\RHITexture.h(42,58): warning C4100: 'dataSize': 鏈紩鐢ㄧ殑鍙傛暟 [F:\鍥惧舰瀛︿範\PBR\V-Engine\build-win\VulkanPBR.vcxproj]
  (缂栬瘧婧愭枃浠垛€?./src/renderer/passes/LightingPass.cpp鈥?
  
F:\鍥惧舰瀛︿範\PBR\V-Engine\src\RHI\RHITexture.h(42,43): warning C4100: 'data': 鏈紩鐢ㄧ殑鍙傛暟 [F:\鍥惧舰瀛︿範\PBR\V-Engine\build-win\VulkanPBR.vcxproj]
  (缂栬瘧婧愭枃浠垛€?./src/renderer/passes/LightingPass.cpp鈥?
  
F:\鍥惧舰瀛︿範\PBR\V-Engine\src\RHI\RHITexture.h(47,66): warning C4100: 'layer': 鏈紩鐢ㄧ殑鍙傛暟 [F:\鍥惧舰瀛︿範\PBR\V-Engine\build-win\VulkanPBR.vcxproj]
  (缂栬瘧婧愭枃浠垛€?./src/renderer/passes/LightingPass.cpp鈥?
  
F:\鍥惧舰瀛︿範\PBR\V-Engine\src\RHI\RHITexture.h(42,58): warning C4100: 'dataSize': 鏈紩鐢ㄧ殑鍙傛暟 [F:\鍥惧舰瀛︿範\PBR\V-Engine\build-win\VulkanPBR.vcxproj]
  (缂栬瘧婧愭枃浠垛€?./src/resources/TextureManager.cpp鈥?
  
F:\鍥惧舰瀛︿範\PBR\V-Engine\src\RHI\RHITexture.h(42,43): warning C4100: 'data': 鏈紩鐢ㄧ殑鍙傛暟 [F:\鍥惧舰瀛︿範\PBR\V-Engine\build-win\VulkanPBR.vcxproj]
  (缂栬瘧婧愭枃浠垛€?./src/resources/TextureManager.cpp鈥?
  
F:\鍥惧舰瀛︿範\PBR\V-Engine\src\RHI\RHITexture.h(47,66): warning C4100: 'layer': 鏈紩鐢ㄧ殑鍙傛暟 [F:\鍥惧舰瀛︿範\PBR\V-Engine\build-win\VulkanPBR.vcxproj]
  (缂栬瘧婧愭枃浠垛€?./src/resources/TextureManager.cpp鈥?
  
F:\鍥惧舰瀛︿範\PBR\V-Engine\src\RHI\RHITexture.h(42,58): warning C4100: 'dataSize': 鏈紩鐢ㄧ殑鍙傛暟 [F:\鍥惧舰瀛︿範\PBR\V-Engine\build-win\VulkanPBR.vcxproj]
  (缂栬瘧婧愭枃浠垛€?./src/renderer/passes/ssao/SSAOPass.cpp鈥?
  
F:\鍥惧舰瀛︿範\PBR\V-Engine\src\RHI\RHITexture.h(42,43): warning C4100: 'data': 鏈紩鐢ㄧ殑鍙傛暟 [F:\鍥惧舰瀛︿範\PBR\V-Engine\build-win\VulkanPBR.vcxproj]
  (缂栬瘧婧愭枃浠垛€?./src/renderer/passes/ssao/SSAOPass.cpp鈥?
  
F:\鍥惧舰瀛︿範\PBR\V-Engine\src\RHI\RHITexture.h(47,66): warning C4100: 'layer': 鏈紩鐢ㄧ殑鍙傛暟 [F:\鍥惧舰瀛︿範\PBR\V-Engine\build-win\VulkanPBR.vcxproj]
  (缂栬瘧婧愭枃浠垛€?./src/renderer/passes/ssao/SSAOPass.cpp鈥?
  
F:\鍥惧舰瀛︿範\PBR\V-Engine\src\renderer\passes\ssao\SSAOPass.cpp(117,15): warning C4189: 鈥渞adius鈥? 灞€閮ㄥ彉閲忓凡鍒濆鍖栦絾涓嶅紩鐢?[F:\鍥惧舰瀛︿範\PBR\V-Engine\build-win\VulkanPBR.vcxproj]
F:\鍥惧舰瀛︿範\PBR\V-Engine\src\renderer\passes\NaniteDebugPass.cpp(362,39): warning C4458: 鈥渨idth鈥濈殑澹版槑闅愯棌浜嗙被鎴愬憳 [F:\鍥惧舰瀛︿範\PBR\V-Engine\build-win\VulkanPBR.vcxproj]
      F:\鍥惧舰瀛︿範\PBR\V-Engine\src\renderer\passes\RenderPassBase.h(57,14):
      鍙傝鈥淩enderPassBase::width鈥濈殑澹版槑
  
F:\鍥惧舰瀛︿範\PBR\V-Engine\src\renderer\passes\NaniteDebugPass.cpp(362,55): warning C4458: 鈥渉eight鈥濈殑澹版槑闅愯棌浜嗙被鎴愬憳 [F:\鍥惧舰瀛︿範\PBR\V-Engine\build-win\VulkanPBR.vcxproj]
      F:\鍥惧舰瀛︿範\PBR\V-Engine\src\renderer\passes\RenderPassBase.h(58,14):
      鍙傝鈥淩enderPassBase::height鈥濈殑澹版槑
  
F:\鍥惧舰瀛︿範\PBR\V-Engine\src\renderer\passes\NaniteDebugPass.cpp(362,55): warning C4100: 'height': 鏈紩鐢ㄧ殑鍙傛暟 [F:\鍥惧舰瀛︿範\PBR\V-Engine\build-win\VulkanPBR.vcxproj]
F:\鍥惧舰瀛︿範\PBR\V-Engine\src\renderer\passes\NaniteDebugPass.cpp(362,39): warning C4100: 'width': 鏈紩鐢ㄧ殑鍙傛暟 [F:\鍥惧舰瀛︿範\PBR\V-Engine\build-win\VulkanPBR.vcxproj]
F:\鍥惧舰瀛︿範\PBR\V-Engine\src\scene\SceneManager.cpp(118,67): warning C4100: 'filepath': 鏈紩鐢ㄧ殑鍙傛暟 [F:\鍥惧舰瀛︿範\PBR\V-Engine\build-win\VulkanPBR.vcxproj]
F:\鍥惧舰瀛︿範\PBR\V-Engine\src\scene\SceneManager.cpp(125,79): warning C4100: 'filepath': 鏈紩鐢ㄧ殑鍙傛暟 [F:\鍥惧舰瀛︿範\PBR\V-Engine\build-win\VulkanPBR.vcxproj]
F:\鍥惧舰瀛︿範\PBR\V-Engine\src\scene\SceneManager.cpp(125,53): warning C4100: 'scene': 鏈紩鐢ㄧ殑鍙傛暟 [F:\鍥惧舰瀛︿範\PBR\V-Engine\build-win\VulkanPBR.vcxproj]
  NaniteManager.cpp
  imgui.cpp
  imgui_draw.cpp
  imgui_tables.cpp
  imgui_widgets.cpp
  imgui_demo.cpp
  imgui_impl_vulkan.cpp
  imgui_impl_glfw.cpp
  imgui_impl_dx12.cpp
F:\鍥惧舰瀛︿範\PBR\V-Engine\src\renderer\nanite\MeshSimplifier.cpp(489,17): warning C4189: 鈥渧1鈥? 灞€閮ㄥ彉閲忓凡鍒濆鍖栦絾涓嶅紩鐢?[F:\鍥惧舰瀛︿範\PBR\V-Engine\build-win\VulkanPBR.vcxproj]
F:\鍥惧舰瀛︿範\PBR\V-Engine\src\renderer\nanite\MeshSimplifier.cpp(623,26): warning C4189: 鈥渙ldKey2鈥? 灞€閮ㄥ彉閲忓凡鍒濆鍖栦絾涓嶅紩鐢?[F:\鍥惧舰瀛︿範\PBR\V-Engine\build-win\VulkanPBR.vcxproj]
F:\鍥惧舰瀛︿範\PBR\V-Engine\src\renderer\nanite\MeshSimplifier.cpp(622,26): warning C4189: 鈥渙ldKey1鈥? 灞€閮ㄥ彉閲忓凡鍒濆鍖栦絾涓嶅紩鐢?[F:\鍥惧舰瀛︿範\PBR\V-Engine\build-win\VulkanPBR.vcxproj]
F:\鍥惧舰瀛︿範\PBR\V-Engine\src\RHI\RHITexture.h(42,58): warning C4100: 'dataSize': 鏈紩鐢ㄧ殑鍙傛暟 [F:\鍥惧舰瀛︿範\PBR\V-Engine\build-win\VulkanPBR.vcxproj]
  (缂栬瘧婧愭枃浠垛€?./src/renderer/SceneRenderer.cpp鈥?
  
F:\鍥惧舰瀛︿範\PBR\V-Engine\src\RHI\RHITexture.h(42,43): warning C4100: 'data': 鏈紩鐢ㄧ殑鍙傛暟 [F:\鍥惧舰瀛︿範\PBR\V-Engine\build-win\VulkanPBR.vcxproj]
  (缂栬瘧婧愭枃浠垛€?./src/renderer/SceneRenderer.cpp鈥?
  
F:\鍥惧舰瀛︿範\PBR\V-Engine\src\RHI\RHITexture.h(47,66): warning C4100: 'layer': 鏈紩鐢ㄧ殑鍙傛暟 [F:\鍥惧舰瀛︿範\PBR\V-Engine\build-win\VulkanPBR.vcxproj]
  (缂栬瘧婧愭枃浠垛€?./src/renderer/SceneRenderer.cpp鈥?
  
F:\鍥惧舰瀛︿範\PBR\V-Engine\src\scene\Scene.cpp(171,28): warning C4100: 'deltaTime': 鏈紩鐢ㄧ殑鍙傛暟 [F:\鍥惧舰瀛︿範\PBR\V-Engine\build-win\VulkanPBR.vcxproj]
F:\鍥惧舰瀛︿範\PBR\V-Engine\src\scene\Scene.cpp(178,19): warning C4189: 鈥渟cript鈥? 灞€閮ㄥ彉閲忓凡鍒濆鍖栦絾涓嶅紩鐢?[F:\鍥惧舰瀛︿範\PBR\V-Engine\build-win\VulkanPBR.vcxproj]
  ImGuiLayer.cpp
  UIManager.cpp
  DebugPanel.cpp
F:\鍥惧舰瀛︿範\PBR\V-Engine\src\renderer\passes\WaterPass.h(57,31): warning C4458: 鈥渉eight鈥濈殑澹版槑闅愯棌浜嗙被鎴愬憳 [F:\鍥惧舰瀛︿範\PBR\V-Engine\build-win\VulkanPBR.vcxproj]
  (缂栬瘧婧愭枃浠垛€?./src/renderer/SceneRenderer.cpp鈥?
      F:\鍥惧舰瀛︿範\PBR\V-Engine\src\renderer\passes\RenderPassBase.h(58,14):
      鍙傝鈥淩enderPassBase::height鈥濈殑澹版槑
  
  SceneHierarchyPanel.cpp
  InspectorPanel.cpp
  AssetBrowserPanel.cpp
F:\鍥惧舰瀛︿範\PBR\V-Engine\src\ui\panels\InspectorPanel.cpp(1,1): warning C4828: 鏂囦欢鍖呭惈鍦ㄥ亸绉?0x64f 澶勫紑濮嬬殑瀛楃锛岃瀛楃鍦ㄥ綋鍓嶆簮瀛楃闆嗕腑鏃犳晥(浠ｇ爜椤?65001)銆?[F:\鍥惧舰瀛︿範\PBR\V-Engine\build-win\VulkanPBR.vcxproj]
F:\鍥惧舰瀛︿範\PBR\V-Engine\src\ui\panels\InspectorPanel.cpp(1,1): warning C4828: 鏂囦欢鍖呭惈鍦ㄥ亸绉?0x650 澶勫紑濮嬬殑瀛楃锛岃瀛楃鍦ㄥ綋鍓嶆簮瀛楃闆嗕腑鏃犳晥(浠ｇ爜椤?65001)銆?[F:\鍥惧舰瀛︿範\PBR\V-Engine\build-win\VulkanPBR.vcxproj]
F:\鍥惧舰瀛︿範\PBR\V-Engine\src\ui\panels\InspectorPanel.cpp(1,1): warning C4828: 鏂囦欢鍖呭惈鍦ㄥ亸绉?0x663 澶勫紑濮嬬殑瀛楃锛岃瀛楃鍦ㄥ綋鍓嶆簮瀛楃闆嗕腑鏃犳晥(浠ｇ爜椤?65001)銆?[F:\鍥惧舰瀛︿範\PBR\V-Engine\build-win\VulkanPBR.vcxproj]
F:\鍥惧舰瀛︿範\PBR\V-Engine\src\ui\panels\InspectorPanel.cpp(1,1): warning C4828: 鏂囦欢鍖呭惈鍦ㄥ亸绉?0x664 澶勫紑濮嬬殑瀛楃锛岃瀛楃鍦ㄥ綋鍓嶆簮瀛楃闆嗕腑鏃犳晥(浠ｇ爜椤?65001)銆?[F:\鍥惧舰瀛︿範\PBR\V-Engine\build-win\VulkanPBR.vcxproj]
F:\鍥惧舰瀛︿範\PBR\V-Engine\src\ui\panels\InspectorPanel.cpp(1,1): warning C4828: 鏂囦欢鍖呭惈鍦ㄥ亸绉?0x668 澶勫紑濮嬬殑瀛楃锛岃瀛楃鍦ㄥ綋鍓嶆簮瀛楃闆嗕腑鏃犳晥(浠ｇ爜椤?65001)銆?[F:\鍥惧舰瀛︿範\PBR\V-Engine\build-win\VulkanPBR.vcxproj]
F:\鍥惧舰瀛︿範\PBR\V-Engine\src\ui\panels\InspectorPanel.cpp(1,1): warning C4828: 鏂囦欢鍖呭惈鍦ㄥ亸绉?0x66d 澶勫紑濮嬬殑瀛楃锛岃瀛楃鍦ㄥ綋鍓嶆簮瀛楃闆嗕腑鏃犳晥(浠ｇ爜椤?65001)銆?[F:\鍥惧舰瀛︿範\PBR\V-Engine\build-win\VulkanPBR.vcxproj]
F:\鍥惧舰瀛︿範\PBR\V-Engine\src\ui\panels\InspectorPanel.cpp(1,1): warning C4828: 鏂囦欢鍖呭惈鍦ㄥ亸绉?0x66f 澶勫紑濮嬬殑瀛楃锛岃瀛楃鍦ㄥ綋鍓嶆簮瀛楃闆嗕腑鏃犳晥(浠ｇ爜椤?65001)銆?[F:\鍥惧舰瀛︿範\PBR\V-Engine\build-win\VulkanPBR.vcxproj]
F:\鍥惧舰瀛︿範\PBR\V-Engine\src\ui\panels\InspectorPanel.cpp(1,1): warning C4828: 鏂囦欢鍖呭惈鍦ㄥ亸绉?0x670 澶勫紑濮嬬殑瀛楃锛岃瀛楃鍦ㄥ綋鍓嶆簮瀛楃闆嗕腑鏃犳晥(浠ｇ爜椤?65001)銆?[F:\鍥惧舰瀛︿範\PBR\V-Engine\build-win\VulkanPBR.vcxproj]
F:\鍥惧舰瀛︿範\PBR\V-Engine\src\ui\panels\InspectorPanel.cpp(1,1): warning C4828: 鏂囦欢鍖呭惈鍦ㄥ亸绉?0x672 澶勫紑濮嬬殑瀛楃锛岃瀛楃鍦ㄥ綋鍓嶆簮瀛楃闆嗕腑鏃犳晥(浠ｇ爜椤?65001)銆?[F:\鍥惧舰瀛︿範\PBR\V-Engine\build-win\VulkanPBR.vcxproj]
F:\鍥惧舰瀛︿範\PBR\V-Engine\src\ui\panels\InspectorPanel.cpp(1,1): warning C4828: 鏂囦欢鍖呭惈鍦ㄥ亸绉?0x673 澶勫紑濮嬬殑瀛楃锛岃瀛楃鍦ㄥ綋鍓嶆簮瀛楃闆嗕腑鏃犳晥(浠ｇ爜椤?65001)銆?[F:\鍥惧舰瀛︿範\PBR\V-Engine\build-win\VulkanPBR.vcxproj]
F:\鍥惧舰瀛︿範\PBR\V-Engine\src\ui\panels\DebugPanel.h(27,23): warning C4458: 鈥渇ps鈥濈殑澹版槑闅愯棌浜嗙被鎴愬憳 [F:\鍥惧舰瀛︿範\PBR\V-Engine\build-win\VulkanPBR.vcxproj]
  (缂栬瘧婧愭枃浠垛€?./src/renderer/SceneRenderer.cpp鈥?
      F:\鍥惧舰瀛︿範\PBR\V-Engine\src\ui\panels\DebugPanel.h(49,11):
      鍙傝鈥淒ebugPanel::fps鈥濈殑澹版槑
  
F:\鍥惧舰瀛︿範\PBR\V-Engine\src\renderer\nanite\MeshClusterizer.cpp(762,14): warning C4189: 鈥渋nvalidPartitionCount鈥? 灞€閮ㄥ彉閲忓凡鍒濆鍖栦絾涓嶅紩鐢?[F:\鍥惧舰瀛︿範\PBR\V-Engine\build-win\VulkanPBR.vcxproj]
F:\鍥惧舰瀛︿範\PBR\V-Engine\src\ui\panels\DebugPanel.h(27,23): warning C4458: 鈥渇ps鈥濈殑澹版槑闅愯棌浜嗙被鎴愬憳 [F:\鍥惧舰瀛︿範\PBR\V-Engine\build-win\VulkanPBR.vcxproj]
  (缂栬瘧婧愭枃浠垛€?./src/ui/panels/DebugPanel.cpp鈥?
      F:\鍥惧舰瀛︿範\PBR\V-Engine\src\ui\panels\DebugPanel.h(49,11):
      鍙傝鈥淒ebugPanel::fps鈥濈殑澹版槑
  
F:\鍥惧舰瀛︿範\PBR\V-Engine\src\ui\panels\AssetBrowserPanel.cpp(151,36): warning C4101: 鈥渆鈥? 鏈紩鐢ㄧ殑灞€閮ㄥ彉閲?[F:\鍥惧舰瀛︿範\PBR\V-Engine\build-win\VulkanPBR.vcxproj]
F:\鍥惧舰瀛︿範\PBR\V-Engine\src\ui\panels\DebugPanel.h(27,23): warning C4458: 鈥渇ps鈥濈殑澹版槑闅愯棌浜嗙被鎴愬憳 [F:\鍥惧舰瀛︿範\PBR\V-Engine\build-win\VulkanPBR.vcxproj]
  (缂栬瘧婧愭枃浠垛€?./src/ui/UIManager.cpp鈥?
      F:\鍥惧舰瀛︿範\PBR\V-Engine\src\ui\panels\DebugPanel.h(49,11):
      鍙傝鈥淒ebugPanel::fps鈥濈殑澹版槑
  
F:\鍥惧舰瀛︿範\PBR\V-Engine\src\renderer\nanite\NaniteManager.cpp(306,27): warning C4189: 鈥渞adius鈥? 灞€閮ㄥ彉閲忓凡鍒濆鍖栦絾涓嶅紩鐢?[F:\鍥惧舰瀛︿範\PBR\V-Engine\build-win\VulkanPBR.vcxproj]
F:\鍥惧舰瀛︿範\PBR\V-Engine\src\renderer\nanite\NaniteManager.cpp(319,31): warning C4189: 鈥減Radius鈥? 灞€閮ㄥ彉閲忓凡鍒濆鍖栦絾涓嶅紩鐢?[F:\鍥惧舰瀛︿範\PBR\V-Engine\build-win\VulkanPBR.vcxproj]
F:\鍥惧舰瀛︿範\PBR\V-Engine\src\ui\panels\InspectorPanel.cpp(109,9): warning C4996: 'strncpy': This function or variable may be unsafe. Consider using strncpy_s instead. To disable deprecation, use _CRT_SECURE_NO_WARNINGS. See online help for details. [F:\鍥惧舰瀛︿範\PBR\V-Engine\build-win\VulkanPBR.vcxproj]
F:\鍥惧舰瀛︿範\PBR\V-Engine\src\ui\panels\InspectorPanel.cpp(188,9): warning C4996: 'strncpy': This function or variable may be unsafe. Consider using strncpy_s instead. To disable deprecation, use _CRT_SECURE_NO_WARNINGS. See online help for details. [F:\鍥惧舰瀛︿範\PBR\V-Engine\build-win\VulkanPBR.vcxproj]
F:\鍥惧舰瀛︿範\PBR\V-Engine\src\ui\panels\InspectorPanel.cpp(197,9): warning C4996: 'strncpy': This function or variable may be unsafe. Consider using strncpy_s instead. To disable deprecation, use _CRT_SECURE_NO_WARNINGS. See online help for details. [F:\鍥惧舰瀛︿範\PBR\V-Engine\build-win\VulkanPBR.vcxproj]
  VulkanPBR.vcxproj -> F:\鍥惧舰瀛︿範\PBR\V-Engine\build-win\bin\VulkanPBR.exe
  	Copying assets to output directory
